// Jest Snapshot v1, https://goo.gl/fbAQLP

exports[`displays nothing if "show" prop is false 1`] = `<DocumentFragment />`;
