// Jest Snapshot v1, https://goo.gl/fbAQLP

exports[`matches snapshot 1`] = `
<DocumentFragment>
  <li
    class="navigationItem"
  >
    <a
      href=""
    />
  </li>
</DocumentFragment>
`;
