// Jest Snapshot v1, https://goo.gl/fbAQLP

exports[`matches snapshot 1`] = `
<DocumentFragment>
  <header
    class="toolbar"
  >
    <div
      aria-label="toggle sidedrawer"
      class="drawerToggle"
      role="button"
      tabindex="0"
    >
      <div />
      <div />
      <div />
    </div>
    <div
      class="logoToolbar"
    >
      <div
        class="logo"
      >
        <img
          alt="logo"
          src="test-file-stub"
        />
      </div>
    </div>
    <nav
      class="desktopOnly"
    >
      <ul
        class="navigationItems"
      >
        <li
          class="navigationItem"
        >
          <a
            href="/"
          >
            HOME
          </a>
        </li>
        <li
          class="navigationItem"
        >
          <a
            href="/projects"
          >
            PROJECTS
          </a>
        </li>
        <li
          class="navigationItem"
        >
          <a
            href="/blog"
          >
            BLOG
          </a>
        </li>
      </ul>
    </nav>
  </header>
</DocumentFragment>
`;
